[    0.000000] Linux version 4.15.0-143-generic (buildd@lcy01-amd64-001) (gcc version 7.5.0 (Ubuntu 7.5.0-3ubuntu1~18.04)) #147-Ubuntu SMP Wed Apr 14 16:10:11 UTC 2021 (Ubuntu 4.15.0-143.147-generic 4.15.18)
[    0.000000] Command line: BOOT_IMAGE=/boot/vmlinuz-4.15.0-143-generic root=LABEL=cloudimg-rootfs ro console=tty1 console=ttyS0
[    0.000000] KERNEL supported cpus:
[    0.000000]   Intel GenuineIntel
[    0.000000]   AMD AuthenticAMD
[    0.000000]   Centaur CentaurHauls
[    0.000000] [Firmware Bug]: TSC doesn't count with P0 frequency!
[    0.000000] x86/fpu: Supporting XSAVE feature 0x001: 'x87 floating point registers'
[    0.000000] x86/fpu: Supporting XSAVE feature 0x002: 'SSE registers'
[    0.000000] x86/fpu: Supporting XSAVE feature 0x004: 'AVX registers'
[    0.000000] x86/fpu: xstate_offset[2]:  576, xstate_sizes[2]:  256
[    0.000000] x86/fpu: Enabled xstate features 0x7, context size is 832 bytes, using 'standard' format.
[    0.000000] e820: BIOS-provided physical RAM map:
[    0.000000] BIOS-e820: [mem 0x0000000000000000-0x000000000009fbff] usable
[    0.000000] BIOS-e820: [mem 0x000000000009fc00-0x000000000009ffff] reserved
[    0.000000] BIOS-e820: [mem 0x00000000000f0000-0x00000000000fffff] reserved
[    0.000000] BIOS-e820: [mem 0x0000000000100000-0x000000007ffeffff] usable
[    0.000000] BIOS-e820: [mem 0x000000007fff0000-0x000000007fffffff] ACPI data
[    0.000000] BIOS-e820: [mem 0x00000000fec00000-0x00000000fec00fff] reserved
[    0.000000] BIOS-e820: [mem 0x00000000fee00000-0x00000000fee00fff] reserved
[    0.000000] BIOS-e820: [mem 0x00000000fffc0000-0x00000000ffffffff] reserved
[    0.000000] NX (Execute Disable) protection: active
[    0.000000] SMBIOS 2.5 present.
[    0.000000] DMI: innotek GmbH VirtualBox/VirtualBox, BIOS VirtualBox 12/01/2006
[    0.000000] Hypervisor detected: KVM
[    0.000000] e820: last_pfn = 0x7fff0 max_arch_pfn = 0x400000000
[    0.000000] MTRR: Disabled
[    0.000000] x86/PAT: MTRRs disabled, skipping PAT initialization too.
[    0.000000] CPU MTRRs all blank - virtualized system.
[    0.000000] x86/PAT: Configuration [0-7]: WB  WT  UC- UC  WB  WT  UC- UC  
[    0.000000] found SMP MP-table at [mem 0x0009fff0-0x0009ffff]
[    0.000000] Scanning 1 areas for low memory corruption
[    0.000000] RAMDISK: [mem 0x359d1000-0x36cdffff]
[    0.000000] ACPI: Early table checksum verification disabled
[    0.000000] ACPI: RSDP 0x00000000000E0000 000024 (v02 VBOX  )
[    0.000000] ACPI: XSDT 0x000000007FFF0030 00003C (v01 VBOX   VBOXXSDT 00000001 ASL  00000061)
[    0.000000] ACPI: FACP 0x000000007FFF00F0 0000F4 (v04 VBOX   VBOXFACP 00000001 ASL  00000061)
[    0.000000] ACPI: DSDT 0x000000007FFF0470 002325 (v02 VBOX   VBOXBIOS 00000002 INTL 20100528)
[    0.000000] ACPI: FACS 0x000000007FFF0200 000040
[    0.000000] ACPI: FACS 0x000000007FFF0200 000040
[    0.000000] ACPI: APIC 0x000000007FFF0240 00005C (v02 VBOX   VBOXAPIC 00000001 ASL  00000061)
[    0.000000] ACPI: SSDT 0x000000007FFF02A0 0001CC (v01 VBOX   VBOXCPUT 00000002 INTL 20100528)
[    0.000000] No NUMA configuration found
[    0.000000] Faking a node at [mem 0x0000000000000000-0x000000007ffeffff]
[    0.000000] NODE_DATA(0) allocated [mem 0x7ffc5000-0x7ffeffff]
[    0.000000] kvm-clock: cpu 0, msr 0:7ff44001, primary cpu clock
[    0.000000] kvm-clock: Using msrs 4b564d01 and 4b564d00
[    0.000000] kvm-clock: using sched offset of 3181423798 cycles
[    0.000000] clocksource: kvm-clock: mask: 0xffffffffffffffff max_cycles: 0x1cd42e4dffb, max_idle_ns: 881590591483 ns
[    0.000000] Zone ranges:
[    0.000000]   DMA      [mem 0x0000000000001000-0x0000000000ffffff]
[    0.000000]   DMA32    [mem 0x0000000001000000-0x000000007ffeffff]
[    0.000000]   Normal   empty
[    0.000000]   Device   empty
[    0.000000] Movable zone start for each node
[    0.000000] Early memory node ranges
[    0.000000]   node   0: [mem 0x0000000000001000-0x000000000009efff]
[    0.000000]   node   0: [mem 0x0000000000100000-0x000000007ffeffff]
[    0.000000] Reserved but unavailable: 98 pages
[    0.000000] Initmem setup node 0 [mem 0x0000000000001000-0x000000007ffeffff]
[    0.000000] ACPI: PM-Timer IO Port: 0x4008
[    0.000000] IOAPIC[0]: apic_id 2, version 32, address 0xfec00000, GSI 0-23
[    0.000000] ACPI: INT_SRC_OVR (bus 0 bus_irq 0 global_irq 2 dfl dfl)
[    0.000000] ACPI: INT_SRC_OVR (bus 0 bus_irq 9 global_irq 9 low level)
[    0.000000] Using ACPI (MADT) for SMP configuration information
[    0.000000] smpboot: Allowing 2 CPUs, 0 hotplug CPUs
[    0.000000] PM: Registered nosave memory: [mem 0x00000000-0x00000fff]
[    0.000000] PM: Registered nosave memory: [mem 0x0009f000-0x0009ffff]
[    0.000000] PM: Registered nosave memory: [mem 0x000a0000-0x000effff]
[    0.000000] PM: Registered nosave memory: [mem 0x000f0000-0x000fffff]
[    0.000000] e820: [mem 0x80000000-0xfebfffff] available for PCI devices
[    0.000000] Booting paravirtualized kernel on KVM
[    0.000000] clocksource: refined-jiffies: mask: 0xffffffff max_cycles: 0xffffffff, max_idle_ns: 7645519600211568 ns
[    0.000000] random: get_random_bytes called from start_kernel+0x99/0x500 with crng_init=0
[    0.000000] setup_percpu: NR_CPUS:8192 nr_cpumask_bits:2 nr_cpu_ids:2 nr_node_ids:1
[    0.000000] percpu: Embedded 45 pages/cpu s147456 r8192 d28672 u1048576
[    0.000000] PV qspinlock hash table entries: 256 (order: 0, 4096 bytes)
[    0.000000] Built 1 zonelists, mobility grouping on.  Total pages: 515961
[    0.000000] Policy zone: DMA32
[    0.000000] Kernel command line: BOOT_IMAGE=/boot/vmlinuz-4.15.0-143-generic root=LABEL=cloudimg-rootfs ro console=tty1 console=ttyS0
[    0.000000] Memory: 2014916K/2096696K available (12300K kernel code, 2483K rwdata, 4316K rodata, 2444K init, 2724K bss, 81780K reserved, 0K cma-reserved)
[    0.000000] SLUB: HWalign=64, Order=0-3, MinObjects=0, CPUs=2, Nodes=1
[    0.000000] ftrace: allocating 39437 entries in 155 pages
[    0.004000] Hierarchical RCU implementation.
[    0.004000] 	RCU restricting CPUs from NR_CPUS=8192 to nr_cpu_ids=2.
[    0.004000] 	Tasks RCU enabled.
[    0.004000] RCU: Adjusting geometry for rcu_fanout_leaf=16, nr_cpu_ids=2
[    0.004000] NR_IRQS: 524544, nr_irqs: 440, preallocated irqs: 16
[    0.004000] Console: colour VGA+ 80x25
[    0.004000] console [tty1] enabled
[    0.004000] console [ttyS0] enabled
[    0.004000] ACPI: Core revision 20170831
[    0.004000] ACPI: 2 ACPI AML tables successfully acquired and loaded
[    0.004000] APIC: Switch to symmetric I/O mode setup
[    0.004000] x2apic enabled
[    0.004000] Switched APIC routing to physical x2apic.
[    0.004000] ..TIMER: vector=0x30 apic1=0 pin1=2 apic2=-1 pin2=-1
[    0.004000] tsc: Detected 3700.006 MHz processor
[    0.004000] Calibrating delay loop (skipped) preset value.. 7400.01 BogoMIPS (lpj=14800024)
[    0.004000] pid_max: default: 32768 minimum: 301
[    0.004000] Security Framework initialized
[    0.004000] Yama: becoming mindful.
[    0.004000] AppArmor: AppArmor initialized
[    0.004000] Dentry cache hash table entries: 262144 (order: 9, 2097152 bytes)
[    0.004000] Inode-cache hash table entries: 131072 (order: 8, 1048576 bytes)
[    0.004000] Mount-cache hash table entries: 4096 (order: 3, 32768 bytes)
[    0.004000] Mountpoint-cache hash table entries: 4096 (order: 3, 32768 bytes)
[    0.004000] Last level iTLB entries: 4KB 512, 2MB 512, 4MB 256
[    0.004000] Last level dTLB entries: 4KB 2048, 2MB 2048, 4MB 1024, 1GB 0
[    0.004000] Spectre V1 : Mitigation: usercopy/swapgs barriers and __user pointer sanitization
[    0.004000] Spectre V2 : Spectre mitigation: LFENCE not serializing, switching to generic retpoline
[    0.004000] Spectre V2 : Mitigation: Full generic retpoline
[    0.004000] Spectre V2 : Spectre v2 / SpectreRSB mitigation: Filling RSB on context switch
[    0.004000] Speculative Store Bypass: Vulnerable
[    0.004000] Freeing SMP alternatives memory: 36K
[    0.118953] APIC calibration not consistent with PM-Timer: 108ms instead of 100ms
[    0.119695] APIC delta adjusted to PM-Timer: 6413395 (6934578)
[    0.120037] smpboot: CPU0: AMD Ryzen 9 5900X 12-Core Processor (family: 0x19, model: 0x21, stepping: 0x0)
[    0.121152] Performance Events: PMU not available due to virtualization, using software events only.
[    0.122207] Hierarchical SRCU implementation.
[    0.123152] NMI watchdog: Perf event create on CPU 0 failed with -2
[    0.123849] NMI watchdog: Perf NMI watchdog permanently disabled
[    0.124020] smp: Bringing up secondary CPUs ...
[    0.124580] x86: Booting SMP configuration:
[    0.125070] .... node  #0, CPUs:      #1
[    0.004000] kvm-clock: cpu 1, msr 0:7ff44041, secondary cpu clock
[    0.128016] smp: Brought up 1 node, 2 CPUs
[    0.128490] smpboot: Max logical packages: 1
[    0.128990] smpboot: Total of 2 processors activated (14800.02 BogoMIPS)
[    0.129786] devtmpfs: initialized
[    0.129786] x86/mm: Memory block size: 128MB
[    0.129786] evm: security.selinux
[    0.129786] evm: security.SMACK64
[    0.129786] evm: security.SMACK64EXEC
[    0.130196] evm: security.SMACK64TRANSMUTE
[    0.132007] evm: security.SMACK64MMAP
[    0.132435] evm: security.apparmor
[    0.132830] evm: security.ima
[    0.133190] evm: security.capability
[    0.133605] clocksource: jiffies: mask: 0xffffffff max_cycles: 0xffffffff, max_idle_ns: 7645041785100000 ns
[    0.133605] futex hash table entries: 512 (order: 3, 32768 bytes)
[    0.133821] pinctrl core: initialized pinctrl subsystem
[    0.136062] RTC time:  3:16:29, date: 05/19/21
[    0.136648] NET: Registered protocol family 16
[    0.137189] audit: initializing netlink subsys (disabled)
[    0.137796] audit: type=2000 audit(1621394193.678:1): state=initialized audit_enabled=0 res=1
[    0.137796] cpuidle: using governor ladder
[    0.137796] cpuidle: using governor menu
[    0.140156] ACPI: bus type PCI registered
[    0.140487] acpiphp: ACPI Hot Plug PCI Controller Driver version: 0.5
[    0.141240] PCI: Using configuration type 1 for base access
[    0.141865] PCI: Using configuration type 1 for extended access
[    0.144022] HugeTLB registered 2.00 MiB page size, pre-allocated 0 pages
[    0.144721] ACPI: Added _OSI(Module Device)
[    0.144721] ACPI: Added _OSI(Processor Device)
[    0.145036] ACPI: Added _OSI(3.0 _SCP Extensions)
[    0.145596] ACPI: Added _OSI(Processor Aggregator Device)
[    0.148002] ACPI: Added _OSI(Linux-Dell-Video)
[    0.148513] ACPI: Added _OSI(Linux-Lenovo-NV-HDMI-Audio)
[    0.149123] ACPI: Added _OSI(Linux-HPI-Hybrid-Graphics)
[    0.149914] ACPI: Executed 1 blocks of module-level executable AML code
[    0.149914] ACPI: Interpreter enabled
[    0.149914] ACPI: (supports S0 S5)
[    0.149914] ACPI: Using IOAPIC for interrupt routing
[    0.150183] PCI: Using host bridge windows from ACPI; if necessary, use "pci=nocrs" and report a bug
[    0.151318] ACPI: Enabled 2 GPEs in block 00 to 07
[    0.158535] ACPI: PCI Root Bridge [PCI0] (domain 0000 [bus 00-ff])
[    0.159164] acpi PNP0A03:00: _OSC: OS supports [ExtendedConfig ASPM ClockPM Segments MSI]
[    0.160000] acpi PNP0A03:00: _OSC: platform does not support [PCIeCapability]
[    0.160315] acpi PNP0A03:00: _OSC: not requesting control; platform does not support [PCIeCapability]
[    0.161363] acpi PNP0A03:00: _OSC: OS requested [PCIeHotplug PME AER PCIeCapability]
[    0.162320] acpi PNP0A03:00: _OSC: platform willing to grant [PCIeHotplug PME AER]
[    0.163168] acpi PNP0A03:00: _OSC failed (AE_SUPPORT); disabling ASPM
[    0.164192] PCI host bridge to bus 0000:00
[    0.164671] pci_bus 0000:00: root bus resource [io  0x0000-0x0cf7 window]
[    0.166002] pci_bus 0000:00: root bus resource [io  0x0d00-0xffff window]
[    0.166722] pci_bus 0000:00: root bus resource [mem 0x000a0000-0x000bffff window]
[    0.167557] pci_bus 0000:00: root bus resource [mem 0x80000000-0xfdffffff window]
[    0.168002] pci_bus 0000:00: root bus resource [bus 00-ff]
[    0.169690] pci 0000:00:01.1: legacy IDE quirk: reg 0x10: [io  0x01f0-0x01f7]
[    0.170441] pci 0000:00:01.1: legacy IDE quirk: reg 0x14: [io  0x03f6]
[    0.171159] pci 0000:00:01.1: legacy IDE quirk: reg 0x18: [io  0x0170-0x0177]
[    0.172001] pci 0000:00:01.1: legacy IDE quirk: reg 0x1c: [io  0x0376]
[    0.179935] pci 0000:00:07.0: quirk: [io  0x4000-0x403f] claimed by PIIX4 ACPI
[    0.179935] pci 0000:00:07.0: quirk: [io  0x4100-0x410f] claimed by PIIX4 SMB
[    0.185633] ACPI: PCI Interrupt Link [LNKA] (IRQs 5 9 10 *11)
[    0.186368] ACPI: PCI Interrupt Link [LNKB] (IRQs 5 9 *10 11)
[    0.187079] ACPI: PCI Interrupt Link [LNKC] (IRQs 5 *9 10 11)
[    0.188057] ACPI: PCI Interrupt Link [LNKD] (IRQs 5 9 10 *11)
[    0.188836] SCSI subsystem initialized
[    0.189286] pci 0000:00:02.0: vgaarb: setting as boot VGA device
[    0.189286] pci 0000:00:02.0: vgaarb: VGA device added: decodes=io+mem,owns=io+mem,locks=none
[    0.189651] pci 0000:00:02.0: vgaarb: bridge control possible
[    0.190306] vgaarb: loaded
[    0.192012] ACPI: bus type USB registered
[    0.192501] usbcore: registered new interface driver usbfs
[    0.193107] usbcore: registered new interface driver hub
[    0.193699] usbcore: registered new device driver usb
[    0.194315] EDAC MC: Ver: 3.0.0
[    0.194315] PCI: Using ACPI for IRQ routing
[    0.194315] NetLabel: Initializing
[    0.196001] NetLabel:  domain hash size = 128
[    0.196501] NetLabel:  protocols = UNLABELED CIPSOv4 CALIPSO
[    0.197121] NetLabel:  unlabeled traffic allowed by default
[    0.197703] clocksource: Switched to clocksource kvm-clock
[    0.213353] VFS: Disk quotas dquot_6.6.0
[    0.213793] VFS: Dquot-cache hash table entries: 512 (order 0, 4096 bytes)
[    0.214503] AppArmor: AppArmor Filesystem Enabled
[    0.215014] pnp: PnP ACPI init
[    0.215870] pnp: PnP ACPI: found 3 devices
[    0.223470] clocksource: acpi_pm: mask: 0xffffff max_cycles: 0xffffff, max_idle_ns: 2085701024 ns
[    0.224425] NET: Registered protocol family 2
[    0.225049] TCP established hash table entries: 16384 (order: 5, 131072 bytes)
[    0.225808] TCP bind hash table entries: 16384 (order: 6, 262144 bytes)
[    0.226468] TCP: Hash tables configured (established 16384 bind 16384)
[    0.228422] UDP hash table entries: 1024 (order: 3, 32768 bytes)
[    0.232709] UDP-Lite hash table entries: 1024 (order: 3, 32768 bytes)
[    0.233415] NET: Registered protocol family 1
[    0.233865] pci 0000:00:00.0: Limiting direct PCI/PCI transfers
[    0.234460] pci 0000:00:01.0: Activating ISA DMA hang workarounds
[    0.235044] pci 0000:00:02.0: Video device with shadowed ROM at [mem 0x000c0000-0x000dffff]
[    0.235904] Unpacking initramfs...
[    0.447467] Freeing initrd memory: 19516K
[    0.447976] clocksource: tsc: mask: 0xffffffffffffffff max_cycles: 0x6aaab6e38f9, max_idle_ns: 881590939562 ns
[    0.449164] platform rtc_cmos: registered platform RTC device (no PNP device found)
[    0.450011] Scanning for low memory corruption every 60 seconds
[    0.451096] Initialise system trusted keyrings
[    0.451679] Key type blacklist registered
[    0.452237] workingset: timestamp_bits=36 max_order=19 bucket_order=0
[    0.453241] zbud: loaded
[    0.454524] squashfs: version 4.0 (2009/01/31) Phillip Lougher
[    0.455303] fuse init (API version 7.26)
[    0.458116] Key type asymmetric registered
[    0.458591] Asymmetric key parser 'x509' registered
[    0.459186] Block layer SCSI generic (bsg) driver version 0.4 loaded (major 246)
[    0.460055] io scheduler noop registered
[    0.460476] io scheduler deadline registered
[    0.460943] io scheduler cfq registered (default)
[    0.461910] ACPI: AC Adapter [AC] (on-line)
[    0.462416] input: Power Button as /devices/LNXSYSTM:00/LNXPWRBN:00/input/input0
[    0.463298] ACPI: Power Button [PWRF]
[    0.463824] input: Sleep Button as /devices/LNXSYSTM:00/LNXSLPBN:00/input/input1
[    0.464626] ACPI: Sleep Button [SLPF]
[    0.465283] Serial: 8250/16550 driver, 32 ports, IRQ sharing enabled
[    0.486414] 00:02: ttyS0 at I/O 0x3f8 (irq = 4, base_baud = 115200) is a 16550A
[    0.488733] Linux agpgart interface v0.103
[    0.489970] loop: module loaded
[    0.490691] scsi host0: ata_piix
[    0.491214] scsi host1: ata_piix
[    0.491619] ata1: PATA max UDMA/33 cmd 0x1f0 ctl 0x3f6 bmdma 0xd000 irq 14
[    0.492351] ata2: PATA max UDMA/33 cmd 0x170 ctl 0x376 bmdma 0xd008 irq 15
[    0.493279] libphy: Fixed MDIO Bus: probed
[    0.493764] tun: Universal TUN/TAP device driver, 1.6
[    0.494368] PPP generic driver version 2.4.2
[    0.494924] ehci_hcd: USB 2.0 'Enhanced' Host Controller (EHCI) Driver
[    0.495638] ehci-pci: EHCI PCI platform driver
[    0.496161] ehci-platform: EHCI generic platform driver
[    0.496759] ohci_hcd: USB 1.1 'Open' Host Controller (OHCI) Driver
[    0.497405] ohci-pci: OHCI PCI platform driver
[    0.497913] ohci-platform: OHCI generic platform driver
[    0.498539] uhci_hcd: USB Universal Host Controller Interface driver
[    0.499289] i8042: PNP: PS/2 Controller [PNP0303:PS2K,PNP0f03:PS2M] at 0x60,0x64 irq 1,12
[    0.500744] serio: i8042 KBD port at 0x60,0x64 irq 1
[    0.501336] serio: i8042 AUX port at 0x60,0x64 irq 12
[    0.502019] mousedev: PS/2 mouse device common for all mice
[    0.502853] input: AT Translated Set 2 keyboard as /devices/platform/i8042/serio0/input/input2
[    0.504118] rtc_cmos rtc_cmos: rtc core: registered rtc_cmos as rtc0
[    0.504926] rtc_cmos rtc_cmos: alarms up to one day, 114 bytes nvram
[    0.505650] i2c /dev entries driver
[    0.506106] device-mapper: uevent: version 1.0.3
[    0.506705] device-mapper: ioctl: 4.37.0-ioctl (2017-09-20) initialised: dm-devel@redhat.com
[    0.507726] ledtrig-cpu: registered to indicate activity on CPUs
[    0.508731] NET: Registered protocol family 10
[    0.511396] Segment Routing with IPv6
[    0.511831] NET: Registered protocol family 17
[    0.512389] Key type dns_resolver registered
[    0.513041] mce: Using 0 MCE banks
[    0.513465] RAS: Correctable Errors collector initialized.
[    0.514072] sched_clock: Marking stable (513022496, 0)->(631345826, -118323330)
[    0.515176] registered taskstats version 1
[    0.515621] Loading compiled-in X.509 certificates
[    0.517364] Loaded X.509 cert 'Build time autogenerated kernel key: de118354fe72448b469776565e76ac30c08e8db2'
[    0.518761] Loaded X.509 cert 'Canonical Ltd. Live Patch Signing: 14df34d1a87cf37625abec039ef2bf521249b969'
[    0.520056] Loaded X.509 cert 'Canonical Ltd. Kernel Module Signing: 88f752e560a1e0737e31163a466ad7b70a850c19'
[    0.521139] zswap: loaded using pool lzo/zbud
[    0.523423] Key type big_key registered
[    0.523983] Key type trusted registered
[    0.525429] Key type encrypted registered
[    0.525926] AppArmor: AppArmor sha1 policy hashing enabled
[    0.526579] ima: No TPM chip found, activating TPM-bypass! (rc=-19)
[    0.527298] ima: Allocated hash algorithm: sha1
[    0.527848] evm: HMAC attrs: 0x1
[    0.528355]   Magic number: 5:456:260
[    0.528776] rtc_cmos rtc_cmos: setting system clock to 2021-05-19 03:16:29 UTC (1621394189)
[    0.529636] BIOS EDD facility v0.16 2004-Jun-25, 0 devices found
[    0.530304] EDD information not available.
[    0.677208] Freeing unused kernel image memory: 2444K
[    0.694841] Write protecting the kernel read-only data: 20480k
[    0.695936] Freeing unused kernel image memory: 2008K
[    0.696670] Freeing unused kernel image memory: 1828K
[    0.700421] x86/mm: Checked W+X mappings: passed, no W+X pages found.
Loading, please wait...
starting version 237
[    0.733534] Fusion MPT base driver 3.04.20
[    0.734033] Copyright (c) 1999-2008 LSI Corporation
[    0.734639] e1000: Intel(R) PRO/1000 Network Driver - version 7.3.21-k8-NAPI
[    0.735418] e1000: Copyright (c) 1999-2006 Intel Corporation.
[    0.740776] Fusion MPT SPI Host driver 3.04.20
[    0.749420] AVX2 version of gcm_enc/dec engaged.
[    0.749924] AES CTR mode by8 optimization enabled
[    0.942590] input: ImExPS/2 Generic Explorer Mouse as /devices/platform/i8042/serio1/input/input4
[    1.079073] e1000 0000:00:03.0 eth0: (PCI:33MHz:32-bit) 02:67:e8:86:a4:bc
[    1.079791] e1000 0000:00:03.0 eth0: Intel(R) PRO/1000 Network Connection
[    1.081034] mptbase: ioc0: Initiating bringup
[    1.081188] e1000 0000:00:03.0 enp0s3: renamed from eth0
[    1.633425] ioc0: LSI53C1030 A0: Capabilities={Initiator}
[    2.673807] scsi host2: ioc0: LSI53C1030 A0, FwRev=00000000h, Ports=1, MaxQ=256, IRQ=20
[    4.136682] scsi 2:0:0:0: Direct-Access     VBOX     HARDDISK         1.0  PQ: 0 ANSI: 5
[    4.437795] scsi target2:0:0: Beginning Domain Validation
[    4.439101] scsi target2:0:0: Domain Validation skipping write tests
[    4.439830] scsi target2:0:0: Ending Domain Validation
[    4.440447] scsi target2:0:0: asynchronous
[    4.441184] scsi 2:0:1:0: Direct-Access     VBOX     HARDDISK         1.0  PQ: 0 ANSI: 5
[    4.508244] scsi target2:0:1: Beginning Domain Validation
[    4.509540] scsi target2:0:1: Domain Validation skipping write tests
[    4.510232] scsi target2:0:1: Ending Domain Validation
[    4.510851] random: fast init done
[    4.511268] scsi target2:0:1: asynchronous
[    4.513478] random: systemd-udevd: uninitialized urandom read (16 bytes read)
[    4.513500] sd 2:0:0:0: Attached scsi generic sg0 type 0
[    4.514261] random: systemd-udevd: uninitialized urandom read (16 bytes read)
[    4.514794] sd 2:0:1:0: Attached scsi generic sg1 type 0
[    4.515440] random: systemd-udevd: uninitialized urandom read (16 bytes read)
[    4.516567] sd 2:0:0:0: [sda] 83886080 512-byte logical blocks: (42.9 GB/40.0 GiB)
[    4.517924] sd 2:0:0:0: [sda] Write Protect is off
[    4.518473] sd 2:0:0:0: [sda] Incomplete mode parameter data
[    4.519035] sd 2:0:0:0: [sda] Assuming drive cache: write through
[    4.519054] sd 2:0:1:0: [sdb] 20480 512-byte logical blocks: (10.5 MB/10.0 MiB)
[    4.520441] sd 2:0:1:0: [sdb] Write Protect is off
[    4.520998] sd 2:0:1:0: [sdb] Incomplete mode parameter data
[    4.521646] sd 2:0:1:0: [sdb] Assuming drive cache: write through
[    4.523918]  sda: sda1
[    4.524631] sd 2:0:0:0: [sda] Attached SCSI disk
[    4.525541] sd 2:0:1:0: [sdb] Attached SCSI disk
Begin: Loading essential drivers ... [    5.860427] raid6: sse2x1   gen()  8467 MB/s
[    5.908461] raid6: sse2x1   xor() 14989 MB/s
[    5.956017] raid6: sse2x2   gen() 16357 MB/s
[    6.004549] raid6: sse2x2   xor() 18501 MB/s
[    6.052584] raid6: sse2x4   gen() 26356 MB/s
[    6.100125] raid6: sse2x4   xor() 13669 MB/s
[    6.148170] raid6: avx2x1   gen() 18498 MB/s
[    6.196208] raid6: avx2x1   xor() 28556 MB/s
[    6.244250] raid6: avx2x2   gen() 38226 MB/s
[    6.292293] raid6: avx2x2   xor() 35536 MB/s
[    6.340332] raid6: avx2x4   gen() 42946 MB/s
[    6.388373] raid6: avx2x4   xor() 19092 MB/s
[    6.388853] raid6: using algorithm avx2x4 gen() 42946 MB/s
[    6.389435] raid6: .... xor() 19092 MB/s, rmw enabled
[    6.390032] raid6: using avx2x2 recovery algorithm
[    6.391386] xor: automatically using best checksumming function   avx       
[    6.392729] async_tx: api initialized (async)
done.
Begin: Running /scripts/init-premount ... done.
Begin: Mounting root file system ... Begin: Running /scripts/local-top ... done.
Begin: Running /scripts/local-premount ... [    6.416111] Btrfs loaded, crc32c=crc32c-intel
Scanning for Btrfs filesystems
done.
Warning: fsck not present, so skipping root file system
[    6.434369] EXT4-fs (sda1): INFO: recovery required on readonly filesystem
[    6.435180] EXT4-fs (sda1): write access will be enabled during recovery
[    6.438467] EXT4-fs (sda1): recovery complete
[    6.438990] EXT4-fs (sda1): mounted filesystem with ordered data mode. Opts: (null)
done.
Begin: Running /scripts/local-bottom ... done.
Begin: Running /scripts/init-bottom ... done.
[    6.544660] ip_tables: (C) 2000-2006 Netfilter Core Team
[    6.550111] systemd[1]: systemd 237 running in system mode. (+PAM +AUDIT +SELINUX +IMA +APPARMOR +SMACK +SYSVINIT +UTMP +LIBCRYPTSETUP +GCRYPT +GNUTLS +ACL +XZ +LZ4 +SECCOMP +BLKID +ELFUTILS +KMOD -IDN2 +IDN -PCRE2 default-hierarchy=hybrid)
[    6.552544] systemd[1]: Detected virtualization oracle.
[    6.553077] systemd[1]: Detected architecture x86-64.

Welcome to [1mUbuntu 18.04.5 LTS[0m!

[    6.556664] systemd[1]: Set hostname to <ubuntu-bionic>.
[    6.748991] systemd[1]: Reached target System Time Synchronized.
[[0;32m  OK  [0m] Reached target System Time Synchronized.
[    6.750087] systemd[1]: Reached target User and Group Name Lookups.
[[0;32m  OK  [0m] Reached target User and Group Name Lookups.
[    6.751923] systemd[1]: Created slice System Slice.
[[0;32m  OK  [0m] Created slice System Slice.
[    6.767894] systemd[1]: Listening on udev Control Socket.
[[0;32m  OK  [0m] Listening on udev Control Socket.
[    6.768952] systemd[1]: Listening on Journal Socket (/dev/log).
[[0;32m  OK  [0m] Listening on Journal Socket (/dev/log).
[    6.769965] systemd[1]: Listening on Network Service Netlink Socket.
[[0;32m  OK  [0m] Listening on Network Service Netlink Socket.
[[0;32m  OK  [0m] Listening on fsck to fsckd communication Socket.
[[0;32m  OK  [0m] Listening on Journal Audit Socket.
[[0;32m  OK  [0m] Listening on Device-mapper event daemon FIFOs.
[[0;32m  OK  [0m] Listening on udev Kernel Socket.
[[0;32m  OK  [0m] Created slice system-serial\x2dgetty.slice.
[[0;32m  OK  [0m] Created slice User and Session Slice.
[[0;32m  OK  [0m] Reached target Swap.
[[0;32m  OK  [0m] Listening on Syslog Socket.
[[0;32m  OK  [0m] Listening on LVM2 metadata daemon socket.
[[0;32m  OK  [0m] Listening on LVM2 poll daemon socket.
[[0;32m  OK  [0m] Reached target Slices.
[[0;32m  OK  [0m] Started Forward Password Requests to Wall Directory Watch.
[[0;32m  OK  [0m] Set up automount Arbitrary Executabâ€¦rmats File System Automount Point.
[[0;32m  OK  [0m] Listening on /dev/initctl Compatibility Named Pipe.
[[0;32m  OK  [0m] Listening on Journal Socket.
         Starting Set the console keyboard layout...
         Mounting Kernel Debug File System...
         Starting Monitoring of LVM2 mirrorsâ€¦ng dmeventd or progress polling...
         Starting udev Coldplug all Devices...
         Starting Uncomplicated firewall...
         Mounting POSIX Message Queue File System...
         Starting Load Kernel Modules...
         Starting Journal Service...
         Mounting Huge Pages File System...
         Starting Create list of required stâ€¦ce nodes for the current kernel...
         Starting File System Check on Root Device...
[[0;32m  OK  [0m] Mounted Kernel Debug File System.
[[0;32m  OK  [0m] Mounted POSIX Message Queue File System.
[[0;32m  OK  [0m] Mounted Huge Pages File System.
[[0;32m  OK  [0m] Started udev Coldplug all Devices.
[[0;32m  OK  [0m] Started LVM2 metadata daemon.
[[0;32m  OK  [0m] Started Uncomplicated firewall.
[    6.834328] Loading iSCSI transport class v2.0-870.
[    6.837699] iscsi: registered transport (tcp)
[    6.846188] iscsi: registered transport (iser)
[[0;32m  OK  [0m] Started Load Kernel Modules.
         Starting Apply Kernel Variables...
         Mounting FUSE Control File System...
         Mounting Kernel Configuration File System...
[[0;32m  OK  [0m] Mounted FUSE Control File System.
[[0;32m  OK  [0m] Mounted Kernel Configuration File System.
[[0;32m  OK  [0m] Started Journal Service.
[[0;32m  OK  [0m] Started File System Check Daemon to report status.
[[0;32m  OK  [0m] Started Create list of required staâ€¦vice nodes for the current kernel.
         Starting Create Static Device Nodes in /dev...
[[0;32m  OK  [0m] Started File System Check on Root Device.
         Starting Remount Root and Kernel File Systems...
[[0;32m  OK  [0m] Started Create Static Device Nodes in /dev.
[[0;32m  OK  [0m] Started Monitoring of LVM2 mirrors,â€¦sing dmeventd or progress polling.
[[0;32m  OK  [0m] Started Apply Kernel Variables.
[[0;32m  OK  [0m] Started Remount Root and Kernel File Systems.
         Starting udev Kernel Device Manager...
         Starting Flush Journal to Persistent Storage...
         Starting Load/Save Random Seed...
[[0;32m  OK  [0m] Started udev Kernel Device Manager.
[[0;32m  OK  [0m] Started Load/Save Random Seed.
[[0;32m  OK  [0m] Started Set the console keyboard layout.
[[0;32m  OK  [0m] Reached target Local File Systems (Pre).
[[0;32m  OK  [0m] Reached target Local File Systems.
         Starting Set console font and keymap...
         Starting AppArmor initialization...
         Starting ebtables ruleset management...
         Starting Tell Plymouth To Write Out Runtime Data...
[[0;32m  OK  [0m] Started Dispatch Password Requests to Console Directory Watch.
[[0;32m  OK  [0m] Reached target Local Encrypted Volumes.
[[0;32m  OK  [0m] Started Set console font and keymap.
[[0;32m  OK  [0m] Started Tell Plymouth To Write Out Runtime Data.
[[0;32m  OK  [0m] Started ebtables ruleset management.
[[0;32m  OK  [0m] Started Flush Journal to Persistent Storage.
         Starting Create Volatile Files and Directories...
[[0;32m  OK  [0m] Found device /dev/ttyS0.
[[0;32m  OK  [0m] Started Create Volatile Files and Directories.
         Starting Update UTMP about System Boot/Shutdown...
[[0;32m  OK  [0m] Started Update UTMP about System Boot/Shutdown.
[[0;32m  OK  [0m] Listening on Load/Save RF Kill Switch Status /dev/rfkill Watch.
[[0;32m  OK  [0m] Started AppArmor initialization.
         Starting Load AppArmor profiles managed internally by snapd...
         Starting Initial cloud-init job (pre-networking)...
[[0;32m  OK  [0m] Started Load AppArmor profiles managed internally by snapd.
[    8.001193] cloud-init[562]: Cloud-init v. 21.1-19-gbad84ad4-0ubuntu1~18.04.2 running 'init-local' at Wed, 19 May 2021 03:16:36 +0000. Up 7.87 seconds.
[[0;32m  OK  [0m] Started Initial cloud-init job (pre-networking).
[[0;32m  OK  [0m] Reached target Network (Pre).
         Starting Network Service...
[[0;32m  OK  [0m] Started Network Service.
         Starting Network Name Resolution...
         Starting Wait for Network to be Configured...
[[0;32m  OK  [0m] Started Network Name Resolution.
[[0;32m  OK  [0m] Reached target Network.
[[0;32m  OK  [0m] Reached target Host and Network Name Lookups.
[[0;32m  OK  [0m] Started Wait for Network to be Configured.
         Starting Initial cloud-init job (metadata service crawler)...
[    9.487141] cloud-init[684]: Cloud-init v. 21.1-19-gbad84ad4-0ubuntu1~18.04.2 running 'init' at Wed, 19 May 2021 03:16:38 +0000. Up 9.37 seconds.
[    9.488267] cloud-init[684]: ci-info: ++++++++++++++++++++++++++++++++++++++Net device info++++++++++++++++++++++++++++++++++++++
[    9.489136] cloud-init[684]: ci-info: +--------+------+----------------------------+---------------+--------+-------------------+
[    9.490348] cloud-init[684]: ci-info: | Device |  Up  |          Address           |      Mask     | Scope  |     Hw-Address    |
[    9.491267] cloud-init[684]: ci-info: +--------+------+----------------------------+---------------+--------+-------------------+
[    9.492150] cloud-init[684]: ci-info: | enp0s3 | True |         10.0.2.15          | 255.255.255.0 | global | 02:67:e8:86:a4:bc |
[    9.493002] cloud-init[684]: ci-info: | enp0s3 | True | fe80::67:e8ff:fe86:a4bc/64 |       .       |  link  | 02:67:e8:86:a4:bc |
[    9.493887] cloud-init[684]: ci-info: |   lo   | True |         127.0.0.1          |   255.0.0.0   |  host  |         .         |
[    9.494896] cloud-init[684]: ci-info: |   lo   | True |          ::1/128           |       .       |  host  |         .         |
[    9.495898] cloud-init[684]: ci-info: +--------+------+----------------------------+---------------+--------+-------------------+
[    9.496915] cloud-init[684]: ci-info: ++++++++++++++++++++++++++++Route IPv4 info+++++++++++++++++++++++++++++
[    9.497827] cloud-init[684]: ci-info: +-------+-------------+----------+-----------------+-----------+-------+
[    9.498724] cloud-init[684]: ci-info: | Route | Destination | Gateway  |     Genmask     | Interface | Flags |
[    9.499639] cloud-init[684]: ci-info: +-------+-------------+----------+-----------------+-----------+-------+
[    9.500417] cloud-init[684]: ci-info: |   0   |   0.0.0.0   | 10.0.2.2 |     0.0.0.0     |   enp0s3  |   UG  |
[    9.501169] cloud-init[684]: ci-info: |   1   |   10.0.2.0  | 0.0.0.0  |  255.255.255.0  |   enp0s3  |   U   |
[    9.501917] cloud-init[684]: ci-info: |   2   |   10.0.2.2  | 0.0.0.0  | 255.255.255.255 |   enp0s3  |   UH  |
[    9.502709] cloud-init[684]: ci-info: +-------+-------------+----------+-----------------+-----------+-------+
[    9.503469] cloud-init[684]: ci-info: +++++++++++++++++++Route IPv6 info+++++++++++++++++++
[    9.504122] cloud-init[684]: ci-info: +-------+-------------+---------+-----------+-------+
[    9.504812] cloud-init[684]: ci-info: | Route | Destination | Gateway | Interface | Flags |
[    9.505579] cloud-init[684]: ci-info: +-------+-------------+---------+-----------+-------+
[    9.506350] cloud-init[684]: ci-info: |   1   |  fe80::/64  |    ::   |   enp0s3  |   U   |
[    9.506991] cloud-init[684]: ci-info: |   3   |    local    |    ::   |   enp0s3  |   U   |
[    9.507819] cloud-init[684]: ci-info: |   4   |   ff00::/8  |    ::   |   enp0s3  |   U   |
[    9.508486] cloud-init[684]: ci-info: +-------+-------------+---------+-----------+-------+
[[0;32m  OK  [0m] Started Initial cloud-init job (metadata service crawler).
[[0;32m  OK  [0m] Reached target System Initialization.
[[0;32m  OK  [0m] Listening on Open-iSCSI iscsid Socket.
         Starting LXD - unix socket.
[[0;32m  OK  [0m] Listening on UUID daemon activation socket.
[[0;32m  OK  [0m] Started Message of the Day.
[[0;32m  OK  [0m] Listening on ACPID Listen Socket.
[[0;32m  OK  [0m] Started Discard unused blocks once a week.
[[0;32m  OK  [0m] Started Daily Cleanup of Temporary Directories.
         Starting Socket activation for snappy daemon.
[[0;32m  OK  [0m] Started ACPI Events Check.
[[0;32m  OK  [0m] Reached target Paths.
[[0;32m  OK  [0m] Started Daily apt download activities.
[[0;32m  OK  [0m] Started Daily apt upgrade and clean activities.
[[0;32m  OK  [0m] Reached target Timers.
[[0;32m  OK  [0m] Listening on D-Bus System Message Bus Socket.
[[0;32m  OK  [0m] Reached target Cloud-config availability.
[[0;32m  OK  [0m] Reached target Network is Online.
[[0;32m  OK  [0m] Reached target Remote File Systems (Pre).
         Mounting /vagrant...
         Starting Availability of block devices...
[[0;32m  OK  [0m] Listening on LXD - unix socket.
[[0;32m  OK  [0m] Listening on Socket activation for snappy daemon.
[[0;32m  OK  [0m] Reached target Sockets.
[[0;32m  OK  [0m] Reached target Basic System.
         Starting Virtualbox guest utils...
[[0;32m  OK  [0m] Started Regular background program processing daemon.
         Starting OpenBSD Secure Shell server...
         Starting LSB: Record successful boot for GRUB...
[[0;32m  OK  [0m] Started FUSE filesystem for LXC.
         Starting System Logging Service...
[[0;32m  OK  [0m] Started irqbalance daemon.
         Starting Message of the Day...
         Starting Accounts Service...
[[0;32m  OK  [0m] Started D-Bus System Message Bus.
[[0;32m  OK  [0m] Started Deferred execution scheduler.
         Starting Login Service...
         Starting Snap Daemon...
         Starting Dispatcher daemon for systemd-networkd...
         Starting LXD - container startup/shutdown...
[[0;32m  OK  [0m] Started System Logging Service.
[[0;32m  OK  [0m] Mounted /vagrant.
[[0;32m  OK  [0m] Started Availability of block devices.
[[0;32m  OK  [0m] Reached target Remote File Systems.
         Starting Permit User Sessions...
         Starting LSB: automatic crash report generation...
[[0;32m  OK  [0m] Started OpenBSD Secure Shell server.
[[0;32m  OK  [0m] Started Permit User Sessions.
[[0;32m  OK  [0m] Started Login Service.
[[0;32m  OK  [0m] Started Unattended Upgrades Shutdown.
         Starting Terminate Plymouth Boot Screen...
         Starting Hold until boot process finishes up...
         Starting Authorization Manager...
[[0;32m  OK  [0m] Started Hold until boot process finishes up.
         Starting Set console scheme...
[[0;32m  OK  [0m] Started Serial Getty on ttyS0.
[[0;32m  OK  [0m] Started Terminate Plymouth Boot Screen.
[[0;32m  OK  [0m] Started Authorization Manager.
[[0;32m  OK  [0m] Started Accounts Service.
[[0;32m  OK  [0m] Started Set console scheme.
[[0;32m  OK  [0m] Created slice system-getty.slice.
[[0;32m  OK  [0m] Started Getty on tty1.
[[0;32m  OK  [0m] Reached target Login Prompts.
[[0;32m  OK  [0m] Started Virtualbox guest utils.
[[0;32m  OK  [0m] Started LSB: Record successful boot for GRUB.
[[0;32m  OK  [0m] Started LSB: automatic crash report generation.
[[0;32m  OK  [0m] Started LXD - container startup/shutdown.
[[0;32m  OK  [0m] Started Dispatcher daemon for systemd-networkd.
[[0;32m  OK  [0m] Started Snap Daemon.
         Starting Wait until snapd is fully seeded...
[[0;32m  OK  [0m] Started Wait until snapd is fully seeded.
         Starting Apply the settings specified in cloud-config...
[[0;32m  OK  [0m] Reached target Multi-User System.
[[0;32m  OK  [0m] Reached target Graphical Interface.
         Starting Update UTMP about System Runlevel Changes...
[[0;32m  OK  [0m] Started Update UTMP about System Runlevel Changes.
[   10.710460] cloud-init[1176]: Cloud-init v. 21.1-19-gbad84ad4-0ubuntu1~18.04.2 running 'modules:config' at Wed, 19 May 2021 03:16:39 +0000. Up 10.63 seconds.
[[0;32m  OK  [0m] Started Apply the settings specified in cloud-config.
         Starting Execute cloud user/final scripts...
[   11.062118] cloud-init[1224]: Cloud-init v. 21.1-19-gbad84ad4-0ubuntu1~18.04.2 running 'modules:final' at Wed, 19 May 2021 03:16:39 +0000. Up 10.98 seconds.
[   11.063336] cloud-init[1224]: Cloud-init v. 21.1-19-gbad84ad4-0ubuntu1~18.04.2 finished at Wed, 19 May 2021 03:16:40 +0000. Datasource DataSourceNoCloud [seed=/dev/sdb][dsmode=net].  Up 11.05 seconds
[[0;32m  OK  [0m] Started Execute cloud user/final scripts.
[[0;32m  OK  [0m] Reached target Cloud-init target.
[[0;32m  OK  [0m] Started Message of the Day.

Ubuntu 18.04.5 LTS ubuntu-bionic ttyS0

ubuntu-bionic login: 